This is pdfTeX, Version 3.141592653-2.6-1.40.29 (TeX Live 2026) (preloaded format=pdflatex 2026.3.30)  3 JUL 2026 16:21
entering extended mode
 restricted \write18 enabled.
 %&-line parsing enabled.
**exhibits.tex
(./exhibits.tex
LaTeX2e <2025-11-01>
L3 programming layer <2026-01-19>
(/Users/ruggerodoino/Library/TinyTeX/texmf-dist/tex/latex/base/article.cls
Document Class: article 2025/01/22 v1.4n Standard LaTeX document class
(/Users/ruggerodoino/Library/TinyTeX/texmf-dist/tex/latex/base/size12.clo
File: size12.clo 2025/01/22 v1.4n Standard LaTeX file (size option)
)
\c@part=\count275
\c@section=\count276
\c@subsection=\count277
\c@subsubsection=\count278
\c@paragraph=\count279
\c@subparagraph=\count280
\c@figure=\count281
\c@table=\count282
\abovecaptionskip=\skip49
\belowcaptionskip=\skip50
\bibindent=\dimen148
) (/Users/ruggerodoino/Library/TinyTeX/texmf-dist/tex/latex/geometry/geometry.sty
Package: geometry 2026/03/07 v6.0 Page Geometry
 (/Users/ruggerodoino/Library/TinyTeX/texmf-dist/tex/latex/graphics/keyval.sty
Package: keyval 2022/05/29 v1.15 key=value parser (DPC)
\KV@toks@=\toks17
) (/Users/ruggerodoino/Library/TinyTeX/texmf-dist/tex/generic/iftex/ifvtex.sty
Package: ifvtex 2019/10/25 v1.7 ifvtex legacy package. Use iftex instead.
 (/Users/ruggerodoino/Library/TinyTeX/texmf-dist/tex/generic/iftex/iftex.sty
Package: iftex 2024/12/12 v1.0g TeX engine tests
))
\Gm@cnth=\count283
\Gm@cntv=\count284
\c@Gm@tempcnt=\count285
\Gm@bindingoffset=\dimen149
\Gm@wd@mp=\dimen150
\Gm@odd@mp=\dimen151
\Gm@even@mp=\dimen152
\Gm@layoutwidth=\dimen153
\Gm@layoutheight=\dimen154
\Gm@layouthoffset=\dimen155
\Gm@layoutvoffset=\dimen156
\Gm@dimlist=\toks18
) (/Users/ruggerodoino/Library/TinyTeX/texmf-dist/tex/latex/graphics/graphicx.sty
Package: graphicx 2024/12/31 v1.2e Enhanced LaTeX Graphics (DPC,SPQR)
 (/Users/ruggerodoino/Library/TinyTeX/texmf-dist/tex/latex/graphics/graphics.sty
Package: graphics 2024/08/06 v1.4g Standard LaTeX Graphics (DPC,SPQR)
 (/Users/ruggerodoino/Library/TinyTeX/texmf-dist/tex/latex/graphics/trig.sty
Package: trig 2023/12/02 v1.11 sin cos tan (DPC)
) (/Users/ruggerodoino/Library/TinyTeX/texmf-dist/tex/latex/graphics-cfg/graphics.cfg
File: graphics.cfg 2016/06/04 v1.11 sample graphics configuration
)
Package graphics Info: Driver file: pdftex.def on input line 106.
 (/Users/ruggerodoino/Library/TinyTeX/texmf-dist/tex/latex/graphics-def/pdftex.def
File: pdftex.def 2025/09/29 v1.2d Graphics/color driver for pdftex
))
\Gin@req@height=\dimen157
\Gin@req@width=\dimen158
) (/Users/ruggerodoino/Library/TinyTeX/texmf-dist/tex/latex/float/float.sty
Package: float 2001/11/08 v1.3d Float enhancements (AL)
\c@float@type=\count286
\float@exts=\toks19
\float@box=\box53
\@float@everytoks=\toks20
\@floatcapt=\box54
) (/Users/ruggerodoino/Library/TinyTeX/texmf-dist/tex/latex/caption/caption.sty
Package: caption 2023/08/05 v3.6o Customizing captions (AR)
 (/Users/ruggerodoino/Library/TinyTeX/texmf-dist/tex/latex/caption/caption3.sty
Package: caption3 2023/07/31 v2.4d caption3 kernel (AR)
\caption@tempdima=\dimen159
\captionmargin=\dimen160
\caption@leftmargin=\dimen161
\caption@rightmargin=\dimen162
\caption@width=\dimen163
\caption@indent=\dimen164
\caption@parindent=\dimen165
\caption@hangindent=\dimen166
Package caption Info: Standard document class detected.
)
\c@caption@flags=\count287
\c@continuedfloat=\count288
Package caption Info: float package is loaded.
) (/Users/ruggerodoino/Library/TinyTeX/texmf-dist/tex/latex/caption/subcaption.sty
Package: subcaption 2023/07/28 v1.6b Sub-captions (AR)
Package caption Info: New subtype `subfigure' on input line 238.
\c@subfigure=\count289
Package caption Info: New subtype `subtable' on input line 238.
\c@subtable=\count290
) (/Users/ruggerodoino/Library/TinyTeX/texmf-dist/tex/latex/booktabs/booktabs.sty
Package: booktabs 2020/01/12 v1.61803398 Publication quality tables
\heavyrulewidth=\dimen167
\lightrulewidth=\dimen168
\cmidrulewidth=\dimen169
\belowrulesep=\dimen170
\belowbottomsep=\dimen171
\aboverulesep=\dimen172
\abovetopsep=\dimen173
\cmidrulesep=\dimen174
\cmidrulekern=\dimen175
\defaultaddspace=\dimen176
\@cmidla=\count291
\@cmidlb=\count292
\@aboverulesep=\dimen177
\@belowrulesep=\dimen178
\@thisruleclass=\count293
\@lastruleclass=\count294
\@thisrulewidth=\dimen179
) (/Users/ruggerodoino/Library/TinyTeX/texmf-dist/tex/latex/threeparttable/threeparttable.sty
Package: threeparttable 2003/06/13  v 3.0
\@tempboxb=\box55
) (/Users/ruggerodoino/Library/TinyTeX/texmf-dist/tex/latex/tools/array.sty
Package: array 2025/09/25 v2.6n Tabular extension package (FMi)
\col@sep=\dimen180
\ar@mcellbox=\box56
\extrarowheight=\dimen181
\NC@list=\toks21
\extratabsurround=\skip51
\backup@length=\skip52
\ar@cellbox=\box57
) (/Users/ruggerodoino/Library/TinyTeX/texmf-dist/tex/latex/tools/tabularx.sty
Package: tabularx 2023/12/11 v2.12a `tabularx' package (DPC)
\TX@col@width=\dimen182
\TX@old@table=\dimen183
\TX@old@col=\dimen184
\TX@target=\dimen185
\TX@delta=\dimen186
\TX@cols=\count295
\TX@ftn=\toks22
) (/Users/ruggerodoino/Library/TinyTeX/texmf-dist/tex/latex/multirow/multirow.sty
Package: multirow 2024/11/12 v2.9 Span multiple rows of a table
\multirow@colwidth=\skip53
\multirow@cntb=\count296
\multirow@dima=\skip54
\bigstrutjot=\dimen187
) (/Users/ruggerodoino/Library/TinyTeX/texmf-dist/tex/latex/tools/multicol.sty
Package: multicol 2025/10/21 v2.0b multicolumn formatting (FMi)
\c@tracingmulticols=\count297
\mult@box=\box58
\multicol@leftmargin=\dimen188
\c@unbalance=\count298
\c@collectmore=\count299
\doublecol@number=\count300
\multicoltolerance=\count301
\multicolpretolerance=\count302
\full@width=\dimen189
\page@free=\dimen190
\premulticols=\dimen191
\postmulticols=\dimen192
\multicolsep=\skip55
\multicolbaselineskip=\skip56
\partial@page=\box59
\last@line=\box60
\mc@boxedresult=\box61
\maxbalancingoverflow=\dimen193
\mult@rightbox=\box62
\mult@grightbox=\box63
\mult@firstbox=\box64
\mult@gfirstbox=\box65
\@tempa=\box66
\@tempa=\box67
\@tempa=\box68
\@tempa=\box69
\@tempa=\box70
\@tempa=\box71
\@tempa=\box72
\@tempa=\box73
\@tempa=\box74
\@tempa=\box75
\@tempa=\box76
\@tempa=\box77
\@tempa=\box78
\@tempa=\box79
\@tempa=\box80
\@tempa=\box81
\@tempa=\box82
\@tempa=\box83
\@tempa=\box84
\@tempa=\box85
\@tempa=\box86
\@tempa=\box87
\@tempa=\box88
\@tempa=\box89
\@tempa=\box90
\@tempa=\box91
\@tempa=\box92
\@tempa=\box93
\@tempa=\box94
\@tempa=\box95
\@tempa=\box96
\@tempa=\box97
\@tempa=\box98
\@tempa=\box99
\@tempa=\box100
\@tempa=\box101
\c@minrows=\count303
\c@columnbadness=\count304
\c@finalcolumnbadness=\count305
\last@try=\dimen194
\multicolovershoot=\dimen195
\multicolundershoot=\dimen196
\mult@nat@firstbox=\box102
\colbreak@box=\box103
\mc@col@check@num=\count306
\g__mc_curr_col_int=\count307
) (/Users/ruggerodoino/Library/TinyTeX/texmf-dist/tex/latex/amsmath/amsmath.sty
Package: amsmath 2025/07/09 v2.17z AMS math features
\@mathmargin=\skip57

For additional information on amsmath, use the `?' option.
(/Users/ruggerodoino/Library/TinyTeX/texmf-dist/tex/latex/amsmath/amstext.sty
Package: amstext 2024/11/17 v2.01 AMS text
 (/Users/ruggerodoino/Library/TinyTeX/texmf-dist/tex/latex/amsmath/amsgen.sty
File: amsgen.sty 1999/11/30 v2.0 generic functions
\@emptytoks=\toks23
\ex@=\dimen197
)) (/Users/ruggerodoino/Library/TinyTeX/texmf-dist/tex/latex/amsmath/amsbsy.sty
Package: amsbsy 1999/11/29 v1.2d Bold Symbols
\pmbraise@=\dimen198
) (/Users/ruggerodoino/Library/TinyTeX/texmf-dist/tex/latex/amsmath/amsopn.sty
Package: amsopn 2022/04/08 v2.04 operator names
)
\inf@bad=\count308
LaTeX Info: Redefining \frac on input line 233.
\uproot@=\count309
\leftroot@=\count310
LaTeX Info: Redefining \overline on input line 398.
LaTeX Info: Redefining \colon on input line 409.
\classnum@=\count311
\DOTSCASE@=\count312
LaTeX Info: Redefining \ldots on input line 495.
LaTeX Info: Redefining \dots on input line 498.
LaTeX Info: Redefining \cdots on input line 619.
\Mathstrutbox@=\box104
\strutbox@=\box105
LaTeX Info: Redefining \big on input line 721.
LaTeX Info: Redefining \Big on input line 722.
LaTeX Info: Redefining \bigg on input line 723.
LaTeX Info: Redefining \Bigg on input line 724.
\big@size=\dimen199
LaTeX Font Info:    Redeclaring font encoding OML on input line 742.
LaTeX Font Info:    Redeclaring font encoding OMS on input line 743.
\macc@depth=\count313
LaTeX Info: Redefining \bmod on input line 904.
LaTeX Info: Redefining \pmod on input line 909.
LaTeX Info: Redefining \smash on input line 939.
LaTeX Info: Redefining \relbar on input line 969.
LaTeX Info: Redefining \Relbar on input line 970.
\c@MaxMatrixCols=\count314
\dotsspace@=\muskip17
\c@parentequation=\count315
\dspbrk@lvl=\count316
\tag@help=\toks24
\row@=\count317
\column@=\count318
\maxfields@=\count319
\andhelp@=\toks25
\eqnshift@=\dimen256
\alignsep@=\dimen257
\tagshift@=\dimen258
\tagwidth@=\dimen259
\totwidth@=\dimen260
\lineht@=\dimen261
\@envbody=\toks26
\multlinegap=\skip58
\multlinetaggap=\skip59
\mathdisplay@stack=\toks27
LaTeX Info: Redefining \[ on input line 2950.
LaTeX Info: Redefining \] on input line 2951.
) (/Users/ruggerodoino/Library/TinyTeX/texmf-dist/tex/latex/amsfonts/amssymb.sty
Package: amssymb 2013/01/14 v3.01 AMS font symbols
 (/Users/ruggerodoino/Library/TinyTeX/texmf-dist/tex/latex/amsfonts/amsfonts.sty
Package: amsfonts 2013/01/14 v3.01 Basic AMSFonts support
\symAMSa=\mathgroup4
\symAMSb=\mathgroup5
LaTeX Font Info:    Redeclaring math symbol \hbar on input line 98.
LaTeX Font Info:    Overwriting math alphabet `\mathfrak' in version `bold'
(Font)                  U/euf/m/n --> U/euf/b/n on input line 106.
)) (/Users/ruggerodoino/Library/TinyTeX/texmf-dist/tex/latex/xcolor/xcolor.sty
Package: xcolor 2024/09/29 v3.02 LaTeX color extensions (UK)
 (/Users/ruggerodoino/Library/TinyTeX/texmf-dist/tex/latex/graphics-cfg/color.cfg
File: color.cfg 2016/01/02 v1.6 sample color configuration
)
Package xcolor Info: Driver file: pdftex.def on input line 274.
 (/Users/ruggerodoino/Library/TinyTeX/texmf-dist/tex/latex/graphics/mathcolor.ltx)
Package xcolor Info: Model `cmy' substituted by `cmy0' on input line 1349.
Package xcolor Info: Model `hsb' substituted by `rgb' on input line 1353.
Package xcolor Info: Model `RGB' extended on input line 1365.
Package xcolor Info: Model `HTML' substituted by `rgb' on input line 1367.
Package xcolor Info: Model `Hsb' substituted by `hsb' on input line 1368.
Package xcolor Info: Model `tHsb' substituted by `hsb' on input line 1369.
Package xcolor Info: Model `HSB' substituted by `hsb' on input line 1370.
Package xcolor Info: Model `Gray' substituted by `gray' on input line 1371.
Package xcolor Info: Model `wave' substituted by `hsb' on input line 1372.
) (/Users/ruggerodoino/Library/TinyTeX/texmf-dist/tex/latex/colortbl/colortbl.sty
Package: colortbl 2024/10/29 v1.0k Color table columns (DPC)
\everycr=\toks28
\minrowclearance=\skip60
\rownum=\count320
) (/Users/ruggerodoino/Library/TinyTeX/texmf-dist/tex/latex/pdflscape/pdflscape.sty
Package: pdflscape 2025-06-23 v0.14 Display of landscape pages in PDF
 (/Users/ruggerodoino/Library/TinyTeX/texmf-dist/tex/latex/pdflscape/pdflscape-nometadata.sty
Package: pdflscape-nometadata 2025-06-23 v0.14 Display of landscape pages in PDF (HO)
 (/Users/ruggerodoino/Library/TinyTeX/texmf-dist/tex/latex/graphics/lscape.sty
Package: lscape 2020/05/28 v3.02 Landscape Pages (DPC)
)
Package pdflscape Info: Auto-detected driver: pdftex on input line 81.
)) (/Users/ruggerodoino/Library/TinyTeX/texmf-dist/tex/latex/hyperref/hyperref.sty
Package: hyperref 2026-01-29 v7.01p Hypertext links for LaTeX
 (/Users/ruggerodoino/Library/TinyTeX/texmf-dist/tex/latex/kvsetkeys/kvsetkeys.sty
Package: kvsetkeys 2022-10-05 v1.19 Key value parser (HO)
) (/Users/ruggerodoino/Library/TinyTeX/texmf-dist/tex/generic/kvdefinekeys/kvdefinekeys.sty
Package: kvdefinekeys 2019-12-19 v1.6 Define keys (HO)
) (/Users/ruggerodoino/Library/TinyTeX/texmf-dist/tex/generic/pdfescape/pdfescape.sty
Package: pdfescape 2019/12/09 v1.15 Implements pdfTeX's escape features (HO)
 (/Users/ruggerodoino/Library/TinyTeX/texmf-dist/tex/generic/ltxcmds/ltxcmds.sty
Package: ltxcmds 2023-12-04 v1.26 LaTeX kernel commands for general use (HO)
) (/Users/ruggerodoino/Library/TinyTeX/texmf-dist/tex/generic/pdftexcmds/pdftexcmds.sty
Package: pdftexcmds 2020-06-27 v0.33 Utility functions of pdfTeX for LuaTeX (HO)
 (/Users/ruggerodoino/Library/TinyTeX/texmf-dist/tex/generic/infwarerr/infwarerr.sty
Package: infwarerr 2019/12/03 v1.5 Providing info/warning/error messages (HO)
)
Package pdftexcmds Info: \pdf@primitive is available.
Package pdftexcmds Info: \pdf@ifprimitive is available.
Package pdftexcmds Info: \pdfdraftmode found.
)) (/Users/ruggerodoino/Library/TinyTeX/texmf-dist/tex/latex/hycolor/hycolor.sty
Package: hycolor 2020-01-27 v1.10 Color options for hyperref/bookmark (HO)
) (/Users/ruggerodoino/Library/TinyTeX/texmf-dist/tex/latex/hyperref/nameref.sty
Package: nameref 2026-01-29 v2.58 Cross-referencing by name of section
 (/Users/ruggerodoino/Library/TinyTeX/texmf-dist/tex/latex/refcount/refcount.sty
Package: refcount 2019/12/15 v3.6 Data extraction from label references (HO)
) (/Users/ruggerodoino/Library/TinyTeX/texmf-dist/tex/generic/gettitlestring/gettitlestring.sty
Package: gettitlestring 2019/12/15 v1.6 Cleanup title references (HO)
 (/Users/ruggerodoino/Library/TinyTeX/texmf-dist/tex/latex/kvoptions/kvoptions.sty
Package: kvoptions 2022-06-15 v3.15 Key value format for package options (HO)
))
\c@section@level=\count321
) (/Users/ruggerodoino/Library/TinyTeX/texmf-dist/tex/latex/etoolbox/etoolbox.sty
Package: etoolbox 2025/10/02 v2.5m e-TeX tools for LaTeX (JAW)
\etb@tempcnta=\count322
) (/Users/ruggerodoino/Library/TinyTeX/texmf-dist/tex/generic/stringenc/stringenc.sty
Package: stringenc 2019/11/29 v1.12 Convert strings between diff. encodings (HO)
)
\@linkdim=\dimen262
\Hy@linkcounter=\count323
\Hy@pagecounter=\count324
 (/Users/ruggerodoino/Library/TinyTeX/texmf-dist/tex/latex/hyperref/pd1enc.def
File: pd1enc.def 2026-01-29 v7.01p Hyperref: PDFDocEncoding definition (HO)
Now handling font encoding PD1 ...
... no UTF-8 mapping file for font encoding PD1
) (/Users/ruggerodoino/Library/TinyTeX/texmf-dist/tex/generic/intcalc/intcalc.sty
Package: intcalc 2019/12/15 v1.3 Expandable calculations with integers (HO)
)
\Hy@SavedSpaceFactor=\count325
 (/Users/ruggerodoino/Library/TinyTeX/texmf-dist/tex/latex/hyperref/puenc.def
File: puenc.def 2026-01-29 v7.01p Hyperref: PDF Unicode definition (HO)
Now handling font encoding PU ...
... no UTF-8 mapping file for font encoding PU
)
Package hyperref Info: Hyper figures OFF on input line 4201.
Package hyperref Info: Link nesting OFF on input line 4206.
Package hyperref Info: Hyper index ON on input line 4209.
Package hyperref Info: Plain pages OFF on input line 4216.
Package hyperref Info: Backreferencing OFF on input line 4221.
Package hyperref Info: Implicit mode ON; LaTeX internals redefined.
Package hyperref Info: Bookmarks ON on input line 4468.
\c@Hy@tempcnt=\count326
 (/Users/ruggerodoino/Library/TinyTeX/texmf-dist/tex/latex/url/url.sty
\Urlmuskip=\muskip18
Package: url 2013/09/16  ver 3.4  Verb mode for urls, etc.
)
LaTeX Info: Redefining \url on input line 4807.
\XeTeXLinkMargin=\dimen263
 (/Users/ruggerodoino/Library/TinyTeX/texmf-dist/tex/generic/bitset/bitset.sty
Package: bitset 2019/12/09 v1.3 Handle bit-vector datatype (HO)
 (/Users/ruggerodoino/Library/TinyTeX/texmf-dist/tex/generic/bigintcalc/bigintcalc.sty
Package: bigintcalc 2019/12/15 v1.5 Expandable calculations on big integers (HO)
))
\Fld@menulength=\count327
\Field@Width=\dimen264
\Fld@charsize=\dimen265
Package hyperref Info: Hyper figures OFF on input line 6084.
Package hyperref Info: Link nesting OFF on input line 6089.
Package hyperref Info: Hyper index ON on input line 6092.
Package hyperref Info: backreferencing OFF on input line 6099.
Package hyperref Info: Link coloring OFF on input line 6104.
Package hyperref Info: Link coloring with OCG OFF on input line 6109.
Package hyperref Info: PDF/A mode OFF on input line 6114.
\Hy@abspage=\count328
\c@Item=\count329
\c@Hfootnote=\count330
)
Package hyperref Info: Driver (autodetected): hpdftex.
 (/Users/ruggerodoino/Library/TinyTeX/texmf-dist/tex/latex/hyperref/hpdftex.def
File: hpdftex.def 2026-01-29 v7.01p Hyperref driver for pdfTeX
\Fld@listcount=\count331
\c@bookmark@seq@number=\count332
 (/Users/ruggerodoino/Library/TinyTeX/texmf-dist/tex/latex/rerunfilecheck/rerunfilecheck.sty
Package: rerunfilecheck 2025-06-21 v1.11 Rerun checks for auxiliary files (HO)
 (/Users/ruggerodoino/Library/TinyTeX/texmf-dist/tex/generic/uniquecounter/uniquecounter.sty
Package: uniquecounter 2019/12/15 v1.4 Provide unlimited unique counter (HO)
)
Package uniquecounter Info: New unique counter `rerunfilecheck' on input line 284.
)
\Hy@SectionHShift=\skip61
) (/Users/ruggerodoino/Library/TinyTeX/texmf-dist/tex/latex/l3backend/l3backend-pdftex.def
File: l3backend-pdftex.def 2025-10-09 L3 backend support: PDF output (pdfTeX)
\l__color_backend_stack_int=\count333
) (./exhibits.aux)
\openout1 = `exhibits.aux'.

LaTeX Font Info:    Checking defaults for OML/cmm/m/it on input line 61.
LaTeX Font Info:    ... okay on input line 61.
LaTeX Font Info:    Checking defaults for OMS/cmsy/m/n on input line 61.
LaTeX Font Info:    ... okay on input line 61.
LaTeX Font Info:    Checking defaults for OT1/cmr/m/n on input line 61.
LaTeX Font Info:    ... okay on input line 61.
LaTeX Font Info:    Checking defaults for T1/cmr/m/n on input line 61.
LaTeX Font Info:    ... okay on input line 61.
LaTeX Font Info:    Checking defaults for TS1/cmr/m/n on input line 61.
LaTeX Font Info:    ... okay on input line 61.
LaTeX Font Info:    Checking defaults for OMX/cmex/m/n on input line 61.
LaTeX Font Info:    ... okay on input line 61.
LaTeX Font Info:    Checking defaults for U/cmr/m/n on input line 61.
LaTeX Font Info:    ... okay on input line 61.
LaTeX Font Info:    Checking defaults for PD1/pdf/m/n on input line 61.
LaTeX Font Info:    ... okay on input line 61.
LaTeX Font Info:    Checking defaults for PU/pdf/m/n on input line 61.
LaTeX Font Info:    ... okay on input line 61.

*geometry* driver: auto-detecting
*geometry* detected driver: pdftex
*geometry* verbose mode - [ preamble ] result:
* driver: pdftex
* paper: <default>
* layout: <same size as paper>
* layoutoffset:(h,v)=(0.0pt,0.0pt)
* modes: 
* h-part:(L,W,R)=(72.26999pt, 469.75502pt, 72.26999pt)
* v-part:(T,H,B)=(72.26999pt, 650.43001pt, 72.26999pt)
* \paperwidth=614.295pt
* \paperheight=794.96999pt
* \textwidth=469.75502pt
* \textheight=650.43001pt
* \oddsidemargin=0.0pt
* \evensidemargin=0.0pt
* \topmargin=-37.0pt
* \headheight=12.0pt
* \headsep=25.0pt
* \topskip=12.0pt
* \footskip=30.0pt
* \marginparwidth=44.0pt
* \marginparsep=10.0pt
* \columnsep=10.0pt
* \skip\footins=10.8pt plus 4.0pt minus 2.0pt
* \hoffset=0.0pt
* \voffset=0.0pt
* \mag=1000
* \@twocolumnfalse
* \@twosidefalse
* \@mparswitchfalse
* \@reversemarginfalse
* (1in=72.27pt=25.4mm, 1cm=28.453pt)

(/Users/ruggerodoino/Library/TinyTeX/texmf-dist/tex/latex/epstopdf-pkg/epstopdf-base.sty
Package: epstopdf-base 2020-01-24 v2.11 Base part for package epstopdf
Package epstopdf-base Info: Redefining graphics rule for `.eps' on input line 485.
 (/Users/ruggerodoino/Library/TinyTeX/texmf-dist/tex/latex/latexconfig/epstopdf-sys.cfg
File: epstopdf-sys.cfg 2010/07/13 v1.3 Configuration of (r)epstopdf for TeX Live
))
Package caption Info: Begin \AtBeginDocument code.
Package caption Info: hyperref package is loaded.
Package caption Info: threeparttable package is loaded.
Package caption Info: End \AtBeginDocument code.
Package hyperref Info: Link coloring OFF on input line 61.
 (./exhibits.out) (./exhibits.out)
\@outlinefile=\write3
\openout3 = `exhibits.out'.

LaTeX Font Info:    Trying to load font information for U+msa on input line 63.
 (/Users/ruggerodoino/Library/TinyTeX/texmf-dist/tex/latex/amsfonts/umsa.fd
File: umsa.fd 2013/01/14 v3.01 AMS symbols A
)
LaTeX Font Info:    Trying to load font information for U+msb on input line 63.
 (/Users/ruggerodoino/Library/TinyTeX/texmf-dist/tex/latex/amsfonts/umsb.fd
File: umsb.fd 2013/01/14 v3.01 AMS symbols B
)

LaTeX Warning: No \author given.

[1

{/Users/ruggerodoino/Library/TinyTeX/texmf-var/fonts/map/pdftex/updmap/pdftex.map}]
<Outputs/Figures/figure_1.png, id=13, 361.35pt x 469.755pt>
File: Outputs/Figures/figure_1.png Graphic file (type png)
<use Outputs/Figures/figure_1.png>
Package pdftex.def Info: Outputs/Figures/figure_1.png  used on input line 106.
(pdftex.def)             Requested size: 352.31625pt x 458.01288pt.
 [2

]
<Outputs/Figures/figure_2.png, id=24, 650.43pt x 505.89pt>
File: Outputs/Figures/figure_2.png Graphic file (type png)
<use Outputs/Figures/figure_2.png>
Package pdftex.def Info: Outputs/Figures/figure_2.png  used on input line 115.
(pdftex.def)             Requested size: 328.82707pt x 255.76189pt.
 [3 <./Outputs/Figures/figure_1.png>]
<Outputs/Figures/figure_3a.png, id=30, 2409.0pt x 1751.54375pt>
File: Outputs/Figures/figure_3a.png Graphic file (type png)
<use Outputs/Figures/figure_3a.png>
Package pdftex.def Info: Outputs/Figures/figure_3a.png  used on input line 125.
(pdftex.def)             Requested size: 328.82707pt x 239.06738pt.
<Outputs/Figures/figure_3b.png, id=31, 2409.0pt x 1751.54375pt>
File: Outputs/Figures/figure_3b.png Graphic file (type png)
<use Outputs/Figures/figure_3b.png>
Package pdftex.def Info: Outputs/Figures/figure_3b.png  used on input line 127.
(pdftex.def)             Requested size: 328.82707pt x 239.06738pt.
 [4 <./Outputs/Figures/figure_2.png>]
Overfull \vbox (5.03589pt too high) has occurred while \output is active []

 [5 <./Outputs/Figures/figure_3a.png> <./Outputs/Figures/figure_3b.png>]

LaTeX Warning: File `figure_4a.png' not found on input line 137.


! Package pdftex.def Error: File `figure_4a.png' not found: using draft setting.

See the pdftex.def package documentation for explanation.
Type  H <return>  for immediate help.
 ...                                              
                                                  
l.137 ...phics[width=0.8\textwidth]{figure_4a.png}
                                                  \\[4mm]
Try typing  <return>  to proceed.
If that doesn't work, type  X <return>  to quit.


LaTeX Warning: File `figure_4b.png' not found on input line 139.


! Package pdftex.def Error: File `figure_4b.png' not found: using draft setting.

See the pdftex.def package documentation for explanation.
Type  H <return>  for immediate help.
 ...                                              
                                                  
l.139 ...phics[width=0.8\textwidth]{figure_4b.png}
                                                  
Try typing  <return>  to proceed.
If that doesn't work, type  X <return>  to quit.

<Outputs/Figures/figure_4c.png, id=42, 2409.0pt x 1423.3175pt>
File: Outputs/Figures/figure_4c.png Graphic file (type png)
<use Outputs/Figures/figure_4c.png>
Package pdftex.def Info: Outputs/Figures/figure_4c.png  used on input line 146.
(pdftex.def)             Requested size: 310.04002pt x 183.17001pt.
<Outputs/Figures/figure_4d.png, id=43, 1136.245pt x 826.08624pt>
File: Outputs/Figures/figure_4d.png Graphic file (type png)
<use Outputs/Figures/figure_4d.png>
Package pdftex.def Info: Outputs/Figures/figure_4d.png  used on input line 148.
(pdftex.def)             Requested size: 291.2458pt x 211.73953pt.

Overfull \vbox (194.9681pt too high) has occurred while \output is active []

 [6] [7 <./Outputs/Figures/figure_4c.png> <./Outputs/Figures/figure_4d.png>]
<Outputs/Figures/figure5a.png, id=56, 2409.0pt x 1751.54375pt>
File: Outputs/Figures/figure5a.png Graphic file (type png)
<use Outputs/Figures/figure5a.png>
Package pdftex.def Info: Outputs/Figures/figure5a.png  used on input line 189.
(pdftex.def)             Requested size: 375.80544pt x 273.2237pt.
<Outputs/Figures/figure5b.png, id=57, 2409.0pt x 1751.54375pt>
File: Outputs/Figures/figure5b.png Graphic file (type png)
<use Outputs/Figures/figure5b.png>
Package pdftex.def Info: Outputs/Figures/figure5b.png  used on input line 191.
(pdftex.def)             Requested size: 422.77664pt x 307.37999pt.
 [8]
Overfull \vbox (143.5048pt too high) has occurred while \output is active []

 [9 <./Outputs/Figures/figure5a.png> <./Outputs/Figures/figure5b.png>]
<Outputs/Figures/figure6.png, id=75, 2409.0pt x 1751.54375pt>
File: Outputs/Figures/figure6.png Graphic file (type png)
<use Outputs/Figures/figure6.png>
Package pdftex.def Info: Outputs/Figures/figure6.png  used on input line 224.
(pdftex.def)             Requested size: 352.31625pt x 256.14554pt.
 [10 <./Outputs/Figures/figure6.png>]
<Outputs/Figures/figure_a1.png, id=82, 2409.0pt x 1751.54375pt>
File: Outputs/Figures/figure_a1.png Graphic file (type png)
<use Outputs/Figures/figure_a1.png>
Package pdftex.def Info: Outputs/Figures/figure_a1.png  used on input line 242.
(pdftex.def)             Requested size: 328.82707pt x 239.06738pt.
<Outputs/Figures/figure_a2.png, id=83, 2409.0pt x 1472.50125pt>
File: Outputs/Figures/figure_a2.png Graphic file (type png)
<use Outputs/Figures/figure_a2.png>
Package pdftex.def Info: Outputs/Figures/figure_a2.png  used on input line 249.
(pdftex.def)             Requested size: 328.82707pt x 200.981pt.
<Outputs/Figures/figure_a3.png, id=84, 2409.0pt x 1751.54375pt>
File: Outputs/Figures/figure_a3.png Graphic file (type png)
<use Outputs/Figures/figure_a3.png>
Package pdftex.def Info: Outputs/Figures/figure_a3.png  used on input line 256.
(pdftex.def)             Requested size: 328.82707pt x 239.06738pt.
<Outputs/Figures/figure_a4.png, id=85, 2409.0pt x 1751.54375pt>
File: Outputs/Figures/figure_a4.png Graphic file (type png)
<use Outputs/Figures/figure_a4.png>
Package pdftex.def Info: Outputs/Figures/figure_a4.png  used on input line 263.
(pdftex.def)             Requested size: 328.82707pt x 239.06738pt.
 [11

 <./Outputs/Figures/figure_a1.png> <./Outputs/Figures/figure_a2.png>]
<Outputs/Figures/figure_a5.png, id=93, 2409.0pt x 1751.54375pt>
File: Outputs/Figures/figure_a5.png Graphic file (type png)
<use Outputs/Figures/figure_a5.png>
Package pdftex.def Info: Outputs/Figures/figure_a5.png  used on input line 270.
(pdftex.def)             Requested size: 328.82707pt x 239.06738pt.
<Outputs/Figures/figure_a6.png, id=94, 2409.0pt x 1751.54375pt>
File: Outputs/Figures/figure_a6.png Graphic file (type png)
<use Outputs/Figures/figure_a6.png>
Package pdftex.def Info: Outputs/Figures/figure_a6.png  used on input line 277.
(pdftex.def)             Requested size: 328.82707pt x 239.06738pt.
 [12 <./Outputs/Figures/figure_a3.png> <./Outputs/Figures/figure_a4.png>]
<Outputs/Figures/figure_a7.png, id=101, 2409.0pt x 1751.54375pt>
File: Outputs/Figures/figure_a7.png Graphic file (type png)
<use Outputs/Figures/figure_a7.png>
Package pdftex.def Info: Outputs/Figures/figure_a7.png  used on input line 284.
(pdftex.def)             Requested size: 328.82707pt x 239.06738pt.
 [13 <./Outputs/Figures/figure_a5.png> <./Outputs/Figures/figure_a6.png>]
Underfull \hbox (badness 3884) in paragraph at lines 305--305
[]|\OT1/cmr/m/n/12 Oct 2023 to
 []


Underfull \hbox (badness 3471) in paragraph at lines 306--306
[]|\OT1/cmr/m/n/12 Dec 2023 to
 []

[14 <./Outputs/Figures/figure_a7.png>] [15] [16]
<Outputs/Figures/figure_a10.png, id=127, 2409.0pt x 1751.54375pt>
File: Outputs/Figures/figure_a10.png Graphic file (type png)
<use Outputs/Figures/figure_a10.png>
Package pdftex.def Info: Outputs/Figures/figure_a10.png  used on input line 383.
(pdftex.def)             Requested size: 352.31625pt x 256.14554pt.
<Outputs/Figures/figure_a11.png, id=128, 2409.0pt x 1751.54375pt>
File: Outputs/Figures/figure_a11.png Graphic file (type png)
<use Outputs/Figures/figure_a11.png>
Package pdftex.def Info: Outputs/Figures/figure_a11.png  used on input line 390.
(pdftex.def)             Requested size: 352.31625pt x 256.14554pt.
<Outputs/Figures/figure_a13.png, id=129, 2409.0pt x 1751.54375pt>
File: Outputs/Figures/figure_a13.png Graphic file (type png)
<use Outputs/Figures/figure_a13.png>
Package pdftex.def Info: Outputs/Figures/figure_a13.png  used on input line 397.
(pdftex.def)             Requested size: 375.80544pt x 273.2237pt.
 [17 <./Outputs/Figures/figure_a10.png>]
<Outputs/Figures/figure_a12.png, id=136, 2409.0pt x 1751.54375pt>
File: Outputs/Figures/figure_a12.png Graphic file (type png)
<use Outputs/Figures/figure_a12.png>
Package pdftex.def Info: Outputs/Figures/figure_a12.png  used on input line 404.
(pdftex.def)             Requested size: 375.80544pt x 273.2237pt.
 [18 <./Outputs/Figures/figure_a11.png>]
<Outputs/Figures/figure_a14.png, id=142, 2409.0pt x 1751.54375pt>
File: Outputs/Figures/figure_a14.png Graphic file (type png)
<use Outputs/Figures/figure_a14.png>
Package pdftex.def Info: Outputs/Figures/figure_a14.png  used on input line 411.
(pdftex.def)             Requested size: 352.31625pt x 256.14554pt.
 [19 <./Outputs/Figures/figure_a13.png>]
<Outputs/Figures/figure_a15.png, id=149, 2409.0pt x 1751.54375pt>
File: Outputs/Figures/figure_a15.png Graphic file (type png)
<use Outputs/Figures/figure_a15.png>
Package pdftex.def Info: Outputs/Figures/figure_a15.png  used on input line 418.
(pdftex.def)             Requested size: 352.31625pt x 256.14554pt.
 [20 <./Outputs/Figures/figure_a12.png>]
<Outputs/Figures/figure_a17.png, id=155, 2409.0pt x 1095.09125pt>
File: Outputs/Figures/figure_a17.png Graphic file (type png)
<use Outputs/Figures/figure_a17.png>
Package pdftex.def Info: Outputs/Figures/figure_a17.png  used on input line 432.
(pdftex.def)             Requested size: 375.80544pt x 170.82352pt.
 [21 <./Outputs/Figures/figure_a14.png> <./Outputs/Figures/figure_a15.png>]
<Outputs/Figures/figure_a18.png, id=162, 2409.0pt x 1394.20876pt>
File: Outputs/Figures/figure_a18.png Graphic file (type png)
<use Outputs/Figures/figure_a18.png>
Package pdftex.def Info: Outputs/Figures/figure_a18.png  used on input line 439.
(pdftex.def)             Requested size: 375.80544pt x 217.48293pt.
<Outputs/Figures/figure_a19a.png, id=163, 800.9925pt x 582.175pt>
File: Outputs/Figures/figure_a19a.png Graphic file (type png)
<use Outputs/Figures/figure_a19a.png>
Package pdftex.def Info: Outputs/Figures/figure_a19a.png  used on input line 448.
(pdftex.def)             Requested size: 225.4804pt x 163.87845pt.
<Outputs/Figures/figure_a19b.png, id=164, 800.9925pt x 582.175pt>
File: Outputs/Figures/figure_a19b.png Graphic file (type png)
<use Outputs/Figures/figure_a19b.png>
Package pdftex.def Info: Outputs/Figures/figure_a19b.png  used on input line 452.
(pdftex.def)             Requested size: 225.4804pt x 163.87845pt.
<Outputs/Figures/figure_a19c.png, id=165, 800.9925pt x 582.175pt>
File: Outputs/Figures/figure_a19c.png Graphic file (type png)
<use Outputs/Figures/figure_a19c.png>
Package pdftex.def Info: Outputs/Figures/figure_a19c.png  used on input line 456.
(pdftex.def)             Requested size: 225.4804pt x 163.87845pt.
<Outputs/Figures/figure_a19d.png, id=166, 800.9925pt x 582.175pt>
File: Outputs/Figures/figure_a19d.png Graphic file (type png)
<use Outputs/Figures/figure_a19d.png>
Package pdftex.def Info: Outputs/Figures/figure_a19d.png  used on input line 460.
(pdftex.def)             Requested size: 225.4804pt x 163.87845pt.
 [22 <./Outputs/Figures/figure_a17.png>]
<Outputs/Figures/figure_a20.png, id=174, 800.9925pt x 582.175pt>
File: Outputs/Figures/figure_a20.png Graphic file (type png)
<use Outputs/Figures/figure_a20.png>
Package pdftex.def Info: Outputs/Figures/figure_a20.png  used on input line 468.
(pdftex.def)             Requested size: 328.82707pt x 238.99533pt.
 [23 <./Outputs/Figures/figure_a18.png>]
<Outputs/Figures/figure_a21.png, id=180, 800.9925pt x 582.175pt>
File: Outputs/Figures/figure_a21.png Graphic file (type png)
<use Outputs/Figures/figure_a21.png>
Package pdftex.def Info: Outputs/Figures/figure_a21.png  used on input line 475.
(pdftex.def)             Requested size: 328.82707pt x 238.99533pt.
 [24 <./Outputs/Figures/figure_a19a.png> <./Outputs/Figures/figure_a19b.png> <./Outputs/Figures/figure_a19c.png> <./Outputs/Figures/figure_a19d.png>]
<Outputs/Figures/figure_a22.png, id=186, 2409.0pt x 1751.54375pt>
File: Outputs/Figures/figure_a22.png Graphic file (type png)
<use Outputs/Figures/figure_a22.png>
Package pdftex.def Info: Outputs/Figures/figure_a22.png  used on input line 482.
(pdftex.def)             Requested size: 375.80544pt x 273.2237pt.
 [25 <./Outputs/Figures/figure_a20.png> <./Outputs/Figures/figure_a21.png>] [26 <./Outputs/Figures/figure_a22.png>]
<Outputs/Figures/figure_a23.png, id=199, 2409.0pt x 1751.54375pt>
File: Outputs/Figures/figure_a23.png Graphic file (type png)
<use Outputs/Figures/figure_a23.png>
Package pdftex.def Info: Outputs/Figures/figure_a23.png  used on input line 545.
(pdftex.def)             Requested size: 375.80544pt x 273.2237pt.
<Outputs/Figures/figure_a24.png, id=200, 2409.0pt x 1751.54375pt>
File: Outputs/Figures/figure_a24.png Graphic file (type png)
<use Outputs/Figures/figure_a24.png>
Package pdftex.def Info: Outputs/Figures/figure_a24.png  used on input line 551.
(pdftex.def)             Requested size: 375.80544pt x 273.2237pt.
 [27]
<Outputs/Figures/figure_a25.png, id=210, 2409.0pt x 1751.54375pt>
File: Outputs/Figures/figure_a25.png Graphic file (type png)
<use Outputs/Figures/figure_a25.png>
Package pdftex.def Info: Outputs/Figures/figure_a25.png  used on input line 557.
(pdftex.def)             Requested size: 375.80544pt x 273.2237pt.
 [28 <./Outputs/Figures/figure_a23.png>]
<Outputs/Figures/figure_a26.png, id=216, 2409.0pt x 1751.54375pt>
File: Outputs/Figures/figure_a26.png Graphic file (type png)
<use Outputs/Figures/figure_a26.png>
Package pdftex.def Info: Outputs/Figures/figure_a26.png  used on input line 563.
(pdftex.def)             Requested size: 375.80544pt x 273.2237pt.
 [29 <./Outputs/Figures/figure_a24.png>]
<Outputs/Figures/figure_a27.png, id=222, 2409.0pt x 1751.54375pt>
File: Outputs/Figures/figure_a27.png Graphic file (type png)
<use Outputs/Figures/figure_a27.png>
Package pdftex.def Info: Outputs/Figures/figure_a27.png  used on input line 569.
(pdftex.def)             Requested size: 375.80544pt x 273.2237pt.
 [30 <./Outputs/Figures/figure_a25.png>]
<Outputs/Figures/figure_a28.png, id=228, 2409.0pt x 1751.54375pt>
File: Outputs/Figures/figure_a28.png Graphic file (type png)
<use Outputs/Figures/figure_a28.png>
Package pdftex.def Info: Outputs/Figures/figure_a28.png  used on input line 575.
(pdftex.def)             Requested size: 375.80544pt x 273.2237pt.
 [31 <./Outputs/Figures/figure_a26.png>]
<Outputs/Figures/figure_a29.png, id=235, 2409.0pt x 1751.54375pt>
File: Outputs/Figures/figure_a29.png Graphic file (type png)
<use Outputs/Figures/figure_a29.png>
Package pdftex.def Info: Outputs/Figures/figure_a29.png  used on input line 581.
(pdftex.def)             Requested size: 375.80544pt x 273.2237pt.
 [32 <./Outputs/Figures/figure_a27.png>]
<Outputs/Figures/figure_a30.png, id=241, 2409.0pt x 1751.54375pt>
File: Outputs/Figures/figure_a30.png Graphic file (type png)
<use Outputs/Figures/figure_a30.png>
Package pdftex.def Info: Outputs/Figures/figure_a30.png  used on input line 587.
(pdftex.def)             Requested size: 375.80544pt x 273.2237pt.
 [33 <./Outputs/Figures/figure_a28.png>]
<Outputs/Figures/figure_a31.png, id=247, 2409.0pt x 1751.54375pt>
File: Outputs/Figures/figure_a31.png Graphic file (type png)
<use Outputs/Figures/figure_a31.png>
Package pdftex.def Info: Outputs/Figures/figure_a31.png  used on input line 593.
(pdftex.def)             Requested size: 375.80544pt x 273.2237pt.
 [34 <./Outputs/Figures/figure_a29.png>]
<Outputs/Figures/figure_a32.png, id=253, 2409.0pt x 1751.54375pt>
File: Outputs/Figures/figure_a32.png Graphic file (type png)
<use Outputs/Figures/figure_a32.png>
Package pdftex.def Info: Outputs/Figures/figure_a32.png  used on input line 599.
(pdftex.def)             Requested size: 375.80544pt x 273.2237pt.
 [35 <./Outputs/Figures/figure_a30.png>]
<Outputs/Figures/figure_a33.png, id=259, 2409.0pt x 1751.54375pt>
File: Outputs/Figures/figure_a33.png Graphic file (type png)
<use Outputs/Figures/figure_a33.png>
Package pdftex.def Info: Outputs/Figures/figure_a33.png  used on input line 605.
(pdftex.def)             Requested size: 375.80544pt x 273.2237pt.
 [36 <./Outputs/Figures/figure_a31.png>]
<Outputs/Figures/figure_a34.png, id=265, 2409.0pt x 1565.85pt>
File: Outputs/Figures/figure_a34.png Graphic file (type png)
<use Outputs/Figures/figure_a34.png>
Package pdftex.def Info: Outputs/Figures/figure_a34.png  used on input line 612.
(pdftex.def)             Requested size: 469.75502pt x 305.32758pt.
 [37 <./Outputs/Figures/figure_a32.png>]
<Outputs/Figures/figure_a35.png, id=272, 2409.0pt x 1565.85pt>
File: Outputs/Figures/figure_a35.png Graphic file (type png)
<use Outputs/Figures/figure_a35.png>
Package pdftex.def Info: Outputs/Figures/figure_a35.png  used on input line 618.
(pdftex.def)             Requested size: 469.75502pt x 305.32758pt.
 [38 <./Outputs/Figures/figure_a33.png>]
<Outputs/Figures/figure_a36.png, id=278, 2409.0pt x 1751.54375pt>
File: Outputs/Figures/figure_a36.png Graphic file (type png)
<use Outputs/Figures/figure_a36.png>
Package pdftex.def Info: Outputs/Figures/figure_a36.png  used on input line 625.
(pdftex.def)             Requested size: 375.80544pt x 273.2237pt.
 [39 <./Outputs/Figures/figure_a34.png>]
<Outputs/Figures/figure_a37.png, id=284, 839.135pt x 610.28pt>
File: Outputs/Figures/figure_a37.png Graphic file (type png)
<use Outputs/Figures/figure_a37.png>
Package pdftex.def Info: Outputs/Figures/figure_a37.png  used on input line 632.
(pdftex.def)             Requested size: 375.80544pt x 273.31046pt.
 [40 <./Outputs/Figures/figure_a35.png>]
<Outputs/Figures/figure_a38.png, id=290, 2409.0pt x 1751.54375pt>
File: Outputs/Figures/figure_a38.png Graphic file (type png)
<use Outputs/Figures/figure_a38.png>
Package pdftex.def Info: Outputs/Figures/figure_a38.png  used on input line 639.
(pdftex.def)             Requested size: 352.31625pt x 256.14554pt.
 [41 <./Outputs/Figures/figure_a36.png>] [42 <./Outputs/Figures/figure_a37.png>] [43 <./Outputs/Figures/figure_a38.png>] [44

] (./exhibits.aux)
 ***********
LaTeX2e <2025-11-01>
L3 programming layer <2026-01-19>
 ***********
Package rerunfilecheck Info: File `exhibits.out' has not changed.
(rerunfilecheck)             Checksum: D41D8CD98F00B204E9800998ECF8427E;0.
 ) 
Here is how much of TeX's memory you used:
 13062 strings out of 469454
 215374 string characters out of 5466402
 633103 words of memory out of 5000000
 41467 multiletter control sequences out of 15000+600000
 638812 words of font info for 83 fonts, out of 8000000 for 9000
 36 hyphenation exceptions out of 8191
 75i,13n,83p,1191b,510s stack positions out of 10000i,1000n,20000p,200000b,200000s
</Users/ruggerodoino/Library/TinyTeX/texmf-dist/fonts/type1/public/amsfonts/cm/cmbx10.pfb></Users/ruggerodoino/Library/TinyTeX/texmf-dist/fonts/type1/public/amsfonts/cm/cmbx12.pfb></Users/ruggerodoino/Library/TinyTeX/texmf-dist/fonts/type1/public/amsfonts/cm/cmmi10.pfb></Users/ruggerodoino/Library/TinyTeX/texmf-dist/fonts/type1/public/amsfonts/cm/cmmi12.pfb></Users/ruggerodoino/Library/TinyTeX/texmf-dist/fonts/type1/public/amsfonts/cm/cmmi8.pfb></Users/ruggerodoino/Library/TinyTeX/texmf-dist/fonts/type1/public/amsfonts/cm/cmr10.pfb></Users/ruggerodoino/Library/TinyTeX/texmf-dist/fonts/type1/public/amsfonts/cm/cmr12.pfb></Users/ruggerodoino/Library/TinyTeX/texmf-dist/fonts/type1/public/amsfonts/cm/cmr17.pfb></Users/ruggerodoino/Library/TinyTeX/texmf-dist/fonts/type1/public/amsfonts/cm/cmr8.pfb></Users/ruggerodoino/Library/TinyTeX/texmf-dist/fonts/type1/public/amsfonts/cm/cmsy10.pfb></Users/ruggerodoino/Library/TinyTeX/texmf-dist/fonts/type1/public/amsfonts/cm/cmsy6.pfb></Users/ruggerodoino/Library/TinyTeX/texmf-dist/fonts/type1/public/amsfonts/cm/cmsy7.pfb></Users/ruggerodoino/Library/TinyTeX/texmf-dist/fonts/type1/public/amsfonts/cm/cmsy8.pfb></Users/ruggerodoino/Library/TinyTeX/texmf-dist/fonts/type1/public/amsfonts/cm/cmti10.pfb></Users/ruggerodoino/Library/TinyTeX/texmf-dist/fonts/type1/public/amsfonts/cm/cmti12.pfb></Users/ruggerodoino/Library/TinyTeX/texmf-dist/fonts/type1/public/amsfonts/cm/cmti8.pfb></Users/ruggerodoino/Library/TinyTeX/texmf-dist/fonts/type1/public/amsfonts/cm/cmtt10.pfb></Users/ruggerodoino/Library/TinyTeX/texmf-dist/fonts/type1/public/amsfonts/cm/cmtt12.pfb>
Output written on exhibits.pdf (44 pages, 6494658 bytes).
PDF statistics:
 414 PDF objects out of 1000 (max. 8388607)
 282 compressed objects within 3 object streams
 104 named destinations out of 1000 (max. 500000)
 236 words of extra memory for PDF output out of 10000 (max. 10000000)

